src/components/ProtectedRoute.tsx(10,13): error TS2339: Property 'isAuthenticated' does not exist on type 'AuthContextType'.
src/components/Sidebar.tsx(205,14): error TS2304: Cannot find name 'FiSettings'.
src/components/Sidebar.tsx(209,16): error TS2552: Cannot find name 'FiLock'. Did you mean 'Lock'?
src/components/Sidebar.tsx(213,14): error TS2304: Cannot find name 'FiLifeBuoy'.
src/pages/Documents.tsx(21,22): error TS2304: Cannot find name 'useCallback'.
src/pages/Memos.tsx(27,23): error TS2304: Cannot find name 'useCallback'.
src/pages/NewInvoice.tsx(194,49): error TS2339: Property 'category' does not exist on type 'Product'.
src/pages/NewInvoice.tsx(195,53): error TS2339: Property 'category' does not exist on type 'Product'.
src/pages/NewInvoice.tsx(196,49): error TS2339: Property 'category' does not exist on type 'Product'.
src/pages/NewInvoice.tsx(207,61): error TS2551: Property 'customerId' does not exist on type 'Invoice'. Did you mean 'customer'?
src/pages/NewInvoice.tsx(207,89): error TS2551: Property 'customer_id' does not exist on type 'Invoice'. Did you mean 'customer'?
src/pages/NewInvoice.tsx(208,65): error TS2551: Property 'customerName' does not exist on type 'Invoice'. Did you mean 'customer'?
src/pages/NewInvoice.tsx(208,95): error TS2339: Property 'customer_name' does not exist on type 'Invoice'.
src/pages/NewInvoice.tsx(209,67): error TS2339: Property 'customerPhone' does not exist on type 'Invoice'.
src/pages/NewInvoice.tsx(209,98): error TS2339: Property 'customer_phone' does not exist on type 'Invoice'.
src/pages/NewInvoice.tsx(210,67): error TS2339: Property 'customerEmail' does not exist on type 'Invoice'.
src/pages/NewInvoice.tsx(210,98): error TS2339: Property 'customer_email' does not exist on type 'Invoice'.
src/pages/NewInvoice.tsx(211,71): error TS2339: Property 'customerAddress' does not exist on type 'Invoice'.
src/pages/NewInvoice.tsx(211,104): error TS2339: Property 'customer_address' does not exist on type 'Invoice'.
src/pages/NewInvoice.tsx(212,69): error TS2339: Property 'customerKraPin' does not exist on type 'Invoice'.
src/pages/NewInvoice.tsx(212,101): error TS2339: Property 'customer_kra_pin' does not exist on type 'Invoice'.
src/pages/NewInvoice.tsx(683,7): error TS1308: 'await' expressions are only allowed within async functions and at the top levels of modules.
src/pages/Suppliers.tsx(28,27): error TS2304: Cannot find name 'useCallback'.
src/pages/Tasks.tsx(27,23): error TS2304: Cannot find name 'useCallback'.
src/pages/Users.tsx(62,25): error TS2304: Cannot find name 'useCallback'.
src/pages/Users.tsx(67,23): error TS2304: Cannot find name 'useCallback'.
